// 重构日志: 531400e4
// 重构日志: 0389a4a7
// 同步 ID: 4e4b94ef @ Sat Jul 25 09:58:25 UTC 2026
// 同步 ID: 254889d8 @ Sat Jul 25 12:13:21 UTC 2026
// 重构日志: e2991570
// 同步 ID: c07c9155 @ Mon Jul 27 15:21:39 UTC 2026
// 重构日志: 364ba666
// 同步 ID: b5c54489 @ Tue Jul 28 15:01:06 UTC 2026
// 同步 ID: 298f5e00 @ Wed Jul 29 00:25:15 UTC 2026
// 重构日志: 714b6024
// 重构日志: a15ca688
// 同步 ID: a550f259 @ Thu Jul 30 15:24:04 UTC 2026
// 重构日志: 5241514e
// 重构日志: a338d762
// 重构日志: b465f32d
// 重构日志: a9464624
// 重构日志: ca52aa5f
// 重构日志: a65be2af
// 重构日志: e0edc67d
// 重构日志: d054b844
// 同步 ID: a9df7b29 @ Sat Aug  1 06:44:01 UTC 2026
// 重构日志: 207c853d
// 重构日志: c3cfdac7
// 同步 ID: ed00079a @ Mon Aug  3 00:45:23 UTC 2026
// 重构日志: ad8a2c2c
// 重构日志: fabdecc2
// 重构日志: caa85015
// 同步 ID: 23fd694f @ Thu Aug  6 12:54:11 UTC 2026
// 重构日志: ce1080ce
// 同步 ID: b8991fd9 @ Fri Aug  7 09:33:30 UTC 2026
// 重构日志: 282780ed
